Starting Tool Verification...
Found Real Entity ID: f0161de9-b44c-4695-bfcb-07f07ac689e3

--- Testing get_pending_payables ---
PASS: Correctly reported no data.

--- Testing get_overdue_invoices ---
PASS: Correctly reported no data.

--- Testing check_gst_compliance ---
PASS: Correctly reported no data.

--- Testing analyze_ledger_spending ---
PASS: Found spending data.
python : Traceback (most recent 
call last):
At line:1 char:1
+ python 
scripts/test_tools_real_data.py > 
test_output.txt 2>&1
+ ~~~~~~~~~~~~~~~~~~~~~~~~~~~~~~~~
~~~~~~~~~~~~~~~~~~~~~~~~~~~~~
    + CategoryInfo          : Not 
   Specified: (Traceback (most r  
  ecent call last)::String) [],   
  RemoteException
    + FullyQualifiedErrorId : Nat 
   iveCommandError
 
  File "D:\1.Education\smartflow-s
me-intelligence\scripts\test_tools
_real_data.py", line 76, in 
<module>
    test_tools()
    ~~~~~~~~~~^^
  File "D:\1.Education\smartflow-s
me-intelligence\scripts\test_tools
_real_data.py", line 67, in 
test_tools
    print(spending) # Print this 
to see the real data
    ~~~~~^^^^^^^^^^
  File "C:\Users\yashw\AppData\Loc
al\Python\pythoncore-3.14-64\Lib\e
ncodings\cp1252.py", line 19, in 
encode
    return codecs.charmap_encode(i
nput,self.errors,encoding_table)[0
]
           ~~~~~~~~~~~~~~~~~~~~~^^
^^^^^^^^^^^^^^^^^^^^^^^^^^^^^^^^
UnicodeEncodeError: 'charmap' 
codec can't encode character 
'\U0001f4ca' in position 0: 
character maps to <undefined>
